<?xml version="1.0" encoding="UTF-8"?>
<testsuites>
  <testsuite name="D:\projects\php\tina4php-shape\tests" tests="2" assertions="57" errors="0" warnings="0" failures="0" skipped="0" time="0.004305">
    <testsuite name="HTMLElementTest" file="D:\projects\php\tina4php-shape\tests\HTMLElementTest.php" tests="2" assertions="57" errors="0" warnings="0" failures="0" skipped="0" time="0.004305">
      <testcase name="testHTMLElement" class="HTMLElementTest" classname="HTMLElementTest" file="D:\projects\php\tina4php-shape\tests\HTMLElementTest.php" line="12" assertions="1" time="0.003367"/>
      <testcase name="testElements" class="HTMLElementTest" classname="HTMLElementTest" file="D:\projects\php\tina4php-shape\tests\HTMLElementTest.php" line="18" assertions="56" time="0.000938"/>
    </testsuite>
  </testsuite>
</testsuites>
